// Jest Snapshot v1, https://goo.gl/fbAQLP

exports[`Components/Icons/Icons > Default 1`] = `
<div
  className="MuiBox-root css-2imjyh"
>
  <div
    className="MuiPaper-root MuiPaper-elevation MuiPaper-rounded MuiPaper-elevation1 css-wnuo1l-MuiPaper-root"
  >
    <div
      className="css-nen11g-MuiStack-root"
    >
      <div
        className="MuiBox-root css-1l4w6pd"
      >
        <svg
          aria-hidden={true}
          className="MuiSvgIcon-root MuiSvgIcon-fontSizeMedium css-i4bv87-MuiSvgIcon-root"
          data-testid="VisibilityIcon"
          focusable="false"
          viewBox="0 0 24 24"
        >
          <path
            d="M12 4.5C7 4.5 2.73 7.61 1 12c1.73 4.39 6 7.5 11 7.5s9.27-3.11 11-7.5c-1.73-4.39-6-7.5-11-7.5zM12 17c-2.76 0-5-2.24-5-5s2.24-5 5-5 5 2.24 5 5-2.24 5-5 5zm0-8c-1.66 0-3 1.34-3 3s1.34 3 3 3 3-1.34 3-3-1.34-3-3-3z"
          />
        </svg>
      </div>
      <span
        className="MuiTypography-root MuiTypography-caption css-1sn4lm3-MuiTypography-root"
      >
        Visibility
      </span>
    </div>
  </div>
  <div
    className="MuiPaper-root MuiPaper-elevation MuiPaper-rounded MuiPaper-elevation1 css-wnuo1l-MuiPaper-root"
  >
    <div
      className="css-nen11g-MuiStack-root"
    >
      <div
        className="MuiBox-root css-1l4w6pd"
      >
        <svg
          aria-hidden={true}
          className="MuiSvgIcon-root MuiSvgIcon-fontSizeMedium css-i4bv87-MuiSvgIcon-root"
          data-testid="VisibilityOffIcon"
          focusable="false"
          viewBox="0 0 24 24"
        >
          <path
            d="M12 7c2.76 0 5 2.24 5 5 0 .65-.13 1.26-.36 1.83l2.92 2.92c1.51-1.26 2.7-2.89 3.43-4.75-1.73-4.39-6-7.5-11-7.5-1.4 0-2.74.25-3.98.7l2.16 2.16C10.74 7.13 11.35 7 12 7zM2 4.27l2.28 2.28.46.46C3.08 8.3 1.78 10.02 1 12c1.73 4.39 6 7.5 11 7.5 1.55 0 3.03-.3 4.38-.84l.42.42L19.73 22 21 20.73 3.27 3 2 4.27zM7.53 9.8l1.55 1.55c-.05.21-.08.43-.08.65 0 1.66 1.34 3 3 3 .22 0 .44-.03.65-.08l1.55 1.55c-.67.33-1.41.53-2.2.53-2.76 0-5-2.24-5-5 0-.79.2-1.53.53-2.2zm4.31-.78 3.15 3.15.02-.16c0-1.66-1.34-3-3-3l-.17.01z"
          />
        </svg>
      </div>
      <span
        className="MuiTypography-root MuiTypography-caption css-1sn4lm3-MuiTypography-root"
      >
        VisibilityOff
      </span>
    </div>
  </div>
  <div
    className="MuiPaper-root MuiPaper-elevation MuiPaper-rounded MuiPaper-elevation1 css-wnuo1l-MuiPaper-root"
  >
    <div
      className="css-nen11g-MuiStack-root"
    >
      <div
        className="MuiBox-root css-1l4w6pd"
      >
        <svg
          aria-hidden={true}
          className="MuiSvgIcon-root MuiSvgIcon-fontSizeMedium css-i4bv87-MuiSvgIcon-root"
          data-testid="PlayArrowIcon"
          focusable="false"
          viewBox="0 0 24 24"
        >
          <path
            d="M8 5v14l11-7z"
          />
        </svg>
      </div>
      <span
        className="MuiTypography-root MuiTypography-caption css-1sn4lm3-MuiTypography-root"
      >
        PlayArrow
      </span>
    </div>
  </div>
  <div
    className="MuiPaper-root MuiPaper-elevation MuiPaper-rounded MuiPaper-elevation1 css-wnuo1l-MuiPaper-root"
  >
    <div
      className="css-nen11g-MuiStack-root"
    >
      <div
        className="MuiBox-root css-1l4w6pd"
      >
        <svg
          aria-hidden={true}
          className="MuiSvgIcon-root MuiSvgIcon-fontSizeMedium css-i4bv87-MuiSvgIcon-root"
          data-testid="ExpandMoreIcon"
          focusable="false"
          viewBox="0 0 24 24"
        >
          <path
            d="M16.59 8.59 12 13.17 7.41 8.59 6 10l6 6 6-6z"
          />
        </svg>
      </div>
      <span
        className="MuiTypography-root MuiTypography-caption css-1sn4lm3-MuiTypography-root"
      >
        ExpandMore
      </span>
    </div>
  </div>
  <div
    className="MuiPaper-root MuiPaper-elevation MuiPaper-rounded MuiPaper-elevation1 css-wnuo1l-MuiPaper-root"
  >
    <div
      className="css-nen11g-MuiStack-root"
    >
      <div
        className="MuiBox-root css-1l4w6pd"
      >
        <svg
          aria-hidden={true}
          className="MuiSvgIcon-root MuiSvgIcon-fontSizeMedium css-i4bv87-MuiSvgIcon-root"
          data-testid="UnfoldLessIcon"
          focusable="false"
          viewBox="0 0 24 24"
        >
          <path
            d="M7.41 18.59 8.83 20 12 16.83 15.17 20l1.41-1.41L12 14l-4.59 4.59zm9.18-13.18L15.17 4 12 7.17 8.83 4 7.41 5.41 12 10l4.59-4.59z"
          />
        </svg>
      </div>
      <span
        className="MuiTypography-root MuiTypography-caption css-1sn4lm3-MuiTypography-root"
      >
        UnfoldLess
      </span>
    </div>
  </div>
  <div
    className="MuiPaper-root MuiPaper-elevation MuiPaper-rounded MuiPaper-elevation1 css-wnuo1l-MuiPaper-root"
  >
    <div
      className="css-nen11g-MuiStack-root"
    >
      <div
        className="MuiBox-root css-1l4w6pd"
      >
        <svg
          aria-hidden={true}
          className="MuiSvgIcon-root MuiSvgIcon-fontSizeMedium css-i4bv87-MuiSvgIcon-root"
          data-testid="UnfoldMoreIcon"
          focusable="false"
          viewBox="0 0 24 24"
        >
          <path
            d="M12 5.83 15.17 9l1.41-1.41L12 3 7.41 7.59 8.83 9 12 5.83zm0 12.34L8.83 15l-1.41 1.41L12 21l4.59-4.59L15.17 15 12 18.17z"
          />
        </svg>
      </div>
      <span
        className="MuiTypography-root MuiTypography-caption css-1sn4lm3-MuiTypography-root"
      >
        UnfoldMore
      </span>
    </div>
  </div>
  <div
    className="MuiPaper-root MuiPaper-elevation MuiPaper-rounded MuiPaper-elevation1 css-wnuo1l-MuiPaper-root"
  >
    <div
      className="css-nen11g-MuiStack-root"
    >
      <div
        className="MuiBox-root css-1l4w6pd"
      >
        <svg
          aria-hidden={true}
          className="MuiSvgIcon-root MuiSvgIcon-fontSizeMedium css-i4bv87-MuiSvgIcon-root"
          data-testid="MenuIcon"
          focusable="false"
          viewBox="0 0 24 24"
        >
          <path
            d="M3 18h18v-2H3v2zm0-5h18v-2H3v2zm0-7v2h18V6H3z"
          />
        </svg>
      </div>
      <span
        className="MuiTypography-root MuiTypography-caption css-1sn4lm3-MuiTypography-root"
      >
        Menu
      </span>
    </div>
  </div>
</div>
`;
