// Jest Snapshot v1, https://goo.gl/fbAQLP

exports[`Features/Register-toggl-config/Components/TogglConfigRegisterForm/ApiTokenField > Default 1`] = `
<div
  className="MuiFormControl-root MuiFormControl-fullWidth MuiTextField-root css-wb57ya-MuiFormControl-root-MuiTextField-root"
>
  <div
    className="MuiInputBase-root MuiOutlinedInput-root MuiInputBase-colorPrimary MuiInputBase-fullWidth MuiInputBase-formControl MuiInputBase-sizeSmall MuiInputBase-adornedEnd css-154xyx0-MuiInputBase-root-MuiOutlinedInput-root"
    onClick={[Function]}
  >
    <input
      aria-invalid={false}
      autoFocus={false}
      className="MuiInputBase-input MuiOutlinedInput-input MuiInputBase-inputSizeSmall MuiInputBase-inputAdornedEnd css-19qh8xo-MuiInputBase-input-MuiOutlinedInput-input"
      disabled={false}
      id=":r2:"
      onAnimationStart={[Function]}
      onBlur={[Function]}
      onChange={[Function]}
      onFocus={[Function]}
      placeholder="API トークン"
      required={false}
      type="password"
    />
    <div
      className="MuiInputAdornment-root MuiInputAdornment-positionEnd MuiInputAdornment-outlined MuiInputAdornment-sizeSmall css-1laqsz7-MuiInputAdornment-root"
    >
      <button
        className="MuiButtonBase-root MuiIconButton-root MuiIconButton-sizeMedium css-78trlr-MuiButtonBase-root-MuiIconButton-root"
        data-testid="api-token-register-form-visibility-toggle-icon-button"
        disabled={false}
        onBlur={[Function]}
        onContextMenu={[Function]}
        onDragLeave={[Function]}
        onFocus={[Function]}
        onKeyDown={[Function]}
        onKeyUp={[Function]}
        onMouseDown={[Function]}
        onMouseLeave={[Function]}
        onMouseUp={[Function]}
        onTouchEnd={[Function]}
        onTouchMove={[Function]}
        onTouchStart={[Function]}
        tabIndex={0}
        type="button"
      >
        <svg
          aria-hidden={true}
          className="MuiSvgIcon-root MuiSvgIcon-fontSizeMedium css-i4bv87-MuiSvgIcon-root"
          data-testid="VisibilityIcon"
          focusable="false"
          viewBox="0 0 24 24"
        >
          <path
            d="M12 4.5C7 4.5 2.73 7.61 1 12c1.73 4.39 6 7.5 11 7.5s9.27-3.11 11-7.5c-1.73-4.39-6-7.5-11-7.5zM12 17c-2.76 0-5-2.24-5-5s2.24-5 5-5 5 2.24 5 5-2.24 5-5 5zm0-8c-1.66 0-3 1.34-3 3s1.34 3 3 3 3-1.34 3-3-1.34-3-3-3z"
          />
        </svg>
        <span
          className="MuiTouchRipple-root css-8je8zh-MuiTouchRipple-root"
        />
      </button>
    </div>
    <fieldset
      aria-hidden={true}
      className="MuiOutlinedInput-notchedOutline css-1d3z3hw-MuiOutlinedInput-notchedOutline"
    >
      <legend
        className="css-ihdtdm"
      >
        <span
          className="notranslate"
        >
          ​
        </span>
      </legend>
    </fieldset>
  </div>
</div>
`;
