// Vitest Snapshot v1, https://vitest.dev/guide/snapshot.html

exports[`AchievementTable > 'Default' 1`] = `
<body>
  <div>
    <div
      class="MuiBox-root css-9hu0cu"
    >
      <table
        class="MuiTable-root css-1avgbhz-MuiTable-root"
      >
        <thead
          class="MuiTableHead-root css-15wwp11-MuiTableHead-root"
        >
          <tr
            class="MuiTableRow-root MuiTableRow-head css-18gyjk9-MuiTableRow-root"
          >
            <th
              class="MuiTableCell-root MuiTableCell-head MuiTableCell-sizeSmall css-j2zpdo-MuiTableCell-root"
              colspan="1"
              scope="col"
            />
            <th
              class="MuiTableCell-root MuiTableCell-head MuiTableCell-sizeSmall css-j2zpdo-MuiTableCell-root"
              colspan="1"
              scope="col"
            >
              <span>
                利用可能
              </span>
            </th>
            <th
              class="MuiTableCell-root MuiTableCell-head MuiTableCell-sizeSmall css-j2zpdo-MuiTableCell-root"
              colspan="1"
              scope="col"
            >
              <span>
                ボーダー
              </span>
            </th>
            <th
              class="MuiTableCell-root MuiTableCell-head MuiTableCell-sizeSmall css-j2zpdo-MuiTableCell-root"
              colspan="1"
              scope="col"
            >
              <span>
                実績
              </span>
            </th>
          </tr>
        </thead>
        <tbody
          class="MuiTableBody-root css-apqrd9-MuiTableBody-root"
        >
          <tr
            class="MuiTableRow-root css-18gyjk9-MuiTableRow-root"
          >
            <td
              class="MuiTableCell-root MuiTableCell-body MuiTableCell-sizeSmall css-1n3yq5g-MuiTableCell-root"
            >
              <strong>
                1
                 月
              </strong>
            </td>
            <td
              class="MuiTableCell-root MuiTableCell-body MuiTableCell-sizeSmall css-1n3yq5g-MuiTableCell-root"
            >
              <a
                class="MuiTypography-root MuiTypography-inherit MuiLink-root MuiLink-underlineAlways css-1cep7cv-MuiTypography-root-MuiLink-root"
              >
                120
                 時間
              </a>
            </td>
            <td
              class="MuiTableCell-root MuiTableCell-body MuiTableCell-sizeSmall css-1n3yq5g-MuiTableCell-root"
            >
              <span>
                80
                 時間
              </span>
            </td>
            <td
              class="MuiTableCell-root MuiTableCell-body MuiTableCell-sizeSmall css-1n3yq5g-MuiTableCell-root"
            >
              <span
                class="MuiBox-root css-1ayqwaf"
              >
                100 時間
              </span>
            </td>
          </tr>
          <tr
            class="MuiTableRow-root css-18gyjk9-MuiTableRow-root"
          >
            <td
              class="MuiTableCell-root MuiTableCell-body MuiTableCell-sizeSmall css-1n3yq5g-MuiTableCell-root"
            >
              <strong>
                2
                 月
              </strong>
            </td>
            <td
              class="MuiTableCell-root MuiTableCell-body MuiTableCell-sizeSmall css-1n3yq5g-MuiTableCell-root"
            >
              <a
                class="MuiTypography-root MuiTypography-inherit MuiLink-root MuiLink-underlineAlways css-1cep7cv-MuiTypography-root-MuiLink-root"
              >
                110
                 時間
              </a>
            </td>
            <td
              class="MuiTableCell-root MuiTableCell-body MuiTableCell-sizeSmall css-1n3yq5g-MuiTableCell-root"
            >
              <span>
                90
                 時間
              </span>
            </td>
            <td
              class="MuiTableCell-root MuiTableCell-body MuiTableCell-sizeSmall css-1n3yq5g-MuiTableCell-root"
            >
              <span
                class="MuiBox-root css-1ayqwaf"
              >
                90 時間
              </span>
            </td>
          </tr>
          <tr
            class="MuiTableRow-root css-18gyjk9-MuiTableRow-root"
          >
            <td
              class="MuiTableCell-root MuiTableCell-body MuiTableCell-sizeSmall css-1n3yq5g-MuiTableCell-root"
            >
              <strong>
                3
                 月
              </strong>
            </td>
            <td
              class="MuiTableCell-root MuiTableCell-body MuiTableCell-sizeSmall css-1n3yq5g-MuiTableCell-root"
            >
              <a
                class="MuiTypography-root MuiTypography-inherit MuiLink-root MuiLink-underlineAlways css-1cep7cv-MuiTypography-root-MuiLink-root"
              >
                120
                 時間
              </a>
            </td>
            <td
              class="MuiTableCell-root MuiTableCell-body MuiTableCell-sizeSmall css-1n3yq5g-MuiTableCell-root"
            >
              <span>
                70
                 時間
              </span>
            </td>
            <td
              class="MuiTableCell-root MuiTableCell-body MuiTableCell-sizeSmall css-1n3yq5g-MuiTableCell-root"
            >
              <span
                class="MuiBox-root css-1ayqwaf"
              >
                100 時間
              </span>
            </td>
          </tr>
          <tr
            class="MuiTableRow-root css-18gyjk9-MuiTableRow-root"
          >
            <td
              class="MuiTableCell-root MuiTableCell-body MuiTableCell-sizeSmall css-1n3yq5g-MuiTableCell-root"
            >
              <strong>
                4
                 月
              </strong>
            </td>
            <td
              class="MuiTableCell-root MuiTableCell-body MuiTableCell-sizeSmall css-1n3yq5g-MuiTableCell-root"
            >
              <a
                class="MuiTypography-root MuiTypography-inherit MuiLink-root MuiLink-underlineAlways css-1cep7cv-MuiTypography-root-MuiLink-root"
              >
                120
                 時間
              </a>
            </td>
            <td
              class="MuiTableCell-root MuiTableCell-body MuiTableCell-sizeSmall css-1n3yq5g-MuiTableCell-root"
            >
              <span>
                70
                 時間
              </span>
            </td>
            <td
              class="MuiTableCell-root MuiTableCell-body MuiTableCell-sizeSmall css-1n3yq5g-MuiTableCell-root"
            >
              <span
                class="MuiBox-root css-1bv7w9j"
              >
                60 時間
              </span>
            </td>
          </tr>
          <tr
            class="MuiTableRow-root css-18gyjk9-MuiTableRow-root"
          >
            <td
              class="MuiTableCell-root MuiTableCell-body MuiTableCell-sizeSmall css-1n3yq5g-MuiTableCell-root"
            >
              <strong>
                5
                 月
              </strong>
            </td>
            <td
              class="MuiTableCell-root MuiTableCell-body MuiTableCell-sizeSmall css-1n3yq5g-MuiTableCell-root"
            >
              <a
                class="MuiTypography-root MuiTypography-inherit MuiLink-root MuiLink-underlineAlways css-1cep7cv-MuiTypography-root-MuiLink-root"
              >
                120
                 時間
              </a>
            </td>
            <td
              class="MuiTableCell-root MuiTableCell-body MuiTableCell-sizeSmall css-1n3yq5g-MuiTableCell-root"
            >
              <span>
                70
                 時間
              </span>
            </td>
            <td
              class="MuiTableCell-root MuiTableCell-body MuiTableCell-sizeSmall css-1n3yq5g-MuiTableCell-root"
            >
              <span
                class="MuiBox-root css-1ayqwaf"
              >
                100 時間
              </span>
            </td>
          </tr>
          <tr
            class="MuiTableRow-root css-18gyjk9-MuiTableRow-root"
          >
            <td
              class="MuiTableCell-root MuiTableCell-body MuiTableCell-sizeSmall css-1n3yq5g-MuiTableCell-root"
            >
              <strong>
                6
                 月
              </strong>
            </td>
            <td
              class="MuiTableCell-root MuiTableCell-body MuiTableCell-sizeSmall css-1n3yq5g-MuiTableCell-root"
            >
              <a
                class="MuiTypography-root MuiTypography-inherit MuiLink-root MuiLink-underlineAlways css-1cep7cv-MuiTypography-root-MuiLink-root"
              >
                120
                 時間
              </a>
            </td>
            <td
              class="MuiTableCell-root MuiTableCell-body MuiTableCell-sizeSmall css-1n3yq5g-MuiTableCell-root"
            >
              <span>
                70
                 時間
              </span>
            </td>
            <td
              class="MuiTableCell-root MuiTableCell-body MuiTableCell-sizeSmall css-1n3yq5g-MuiTableCell-root"
            >
              <span
                class="MuiBox-root css-1ayqwaf"
              >
                100 時間
              </span>
            </td>
          </tr>
          <tr
            class="MuiTableRow-root css-18gyjk9-MuiTableRow-root"
          >
            <td
              class="MuiTableCell-root MuiTableCell-body MuiTableCell-sizeSmall css-1n3yq5g-MuiTableCell-root"
            >
              <strong>
                7
                 月
              </strong>
            </td>
            <td
              class="MuiTableCell-root MuiTableCell-body MuiTableCell-sizeSmall css-1n3yq5g-MuiTableCell-root"
            >
              <a
                class="MuiTypography-root MuiTypography-inherit MuiLink-root MuiLink-underlineAlways css-1cep7cv-MuiTypography-root-MuiLink-root"
              >
                120
                 時間
              </a>
            </td>
            <td
              class="MuiTableCell-root MuiTableCell-body MuiTableCell-sizeSmall css-1n3yq5g-MuiTableCell-root"
            >
              <span>
                70
                 時間
              </span>
            </td>
            <td
              class="MuiTableCell-root MuiTableCell-body MuiTableCell-sizeSmall css-1n3yq5g-MuiTableCell-root"
            >
              <span
                class="MuiBox-root css-1ayqwaf"
              >
                100 時間
              </span>
            </td>
          </tr>
          <tr
            class="MuiTableRow-root css-18gyjk9-MuiTableRow-root"
          >
            <td
              class="MuiTableCell-root MuiTableCell-body MuiTableCell-sizeSmall css-1n3yq5g-MuiTableCell-root"
            >
              <strong>
                8
                 月
              </strong>
            </td>
            <td
              class="MuiTableCell-root MuiTableCell-body MuiTableCell-sizeSmall css-1n3yq5g-MuiTableCell-root"
            >
              <a
                class="MuiTypography-root MuiTypography-inherit MuiLink-root MuiLink-underlineAlways css-1cep7cv-MuiTypography-root-MuiLink-root"
              >
                120
                 時間
              </a>
            </td>
            <td
              class="MuiTableCell-root MuiTableCell-body MuiTableCell-sizeSmall css-1n3yq5g-MuiTableCell-root"
            >
              <span>
                70
                 時間
              </span>
            </td>
            <td
              class="MuiTableCell-root MuiTableCell-body MuiTableCell-sizeSmall css-1n3yq5g-MuiTableCell-root"
            >
              <span
                class="MuiBox-root css-1bv7w9j"
              />
            </td>
          </tr>
          <tr
            class="MuiTableRow-root css-18gyjk9-MuiTableRow-root"
          >
            <td
              class="MuiTableCell-root MuiTableCell-body MuiTableCell-sizeSmall css-1n3yq5g-MuiTableCell-root"
            >
              <strong>
                9
                 月
              </strong>
            </td>
            <td
              class="MuiTableCell-root MuiTableCell-body MuiTableCell-sizeSmall css-1n3yq5g-MuiTableCell-root"
            >
              <a
                class="MuiTypography-root MuiTypography-inherit MuiLink-root MuiLink-underlineAlways css-1cep7cv-MuiTypography-root-MuiLink-root"
              >
                120
                 時間
              </a>
            </td>
            <td
              class="MuiTableCell-root MuiTableCell-body MuiTableCell-sizeSmall css-1n3yq5g-MuiTableCell-root"
            >
              <span>
                70
                 時間
              </span>
            </td>
            <td
              class="MuiTableCell-root MuiTableCell-body MuiTableCell-sizeSmall css-1n3yq5g-MuiTableCell-root"
            >
              <span
                class="MuiBox-root css-1bv7w9j"
              />
            </td>
          </tr>
          <tr
            class="MuiTableRow-root css-18gyjk9-MuiTableRow-root"
          >
            <td
              class="MuiTableCell-root MuiTableCell-body MuiTableCell-sizeSmall css-1n3yq5g-MuiTableCell-root"
            >
              <strong>
                10
                 月
              </strong>
            </td>
            <td
              class="MuiTableCell-root MuiTableCell-body MuiTableCell-sizeSmall css-1n3yq5g-MuiTableCell-root"
            >
              <a
                class="MuiTypography-root MuiTypography-inherit MuiLink-root MuiLink-underlineAlways css-1cep7cv-MuiTypography-root-MuiLink-root"
              >
                120
                 時間
              </a>
            </td>
            <td
              class="MuiTableCell-root MuiTableCell-body MuiTableCell-sizeSmall css-1n3yq5g-MuiTableCell-root"
            >
              <span>
                70
                 時間
              </span>
            </td>
            <td
              class="MuiTableCell-root MuiTableCell-body MuiTableCell-sizeSmall css-1n3yq5g-MuiTableCell-root"
            >
              <span
                class="MuiBox-root css-1bv7w9j"
              />
            </td>
          </tr>
          <tr
            class="MuiTableRow-root css-18gyjk9-MuiTableRow-root"
          >
            <td
              class="MuiTableCell-root MuiTableCell-body MuiTableCell-sizeSmall css-1n3yq5g-MuiTableCell-root"
            >
              <strong>
                11
                 月
              </strong>
            </td>
            <td
              class="MuiTableCell-root MuiTableCell-body MuiTableCell-sizeSmall css-1n3yq5g-MuiTableCell-root"
            >
              <a
                class="MuiTypography-root MuiTypography-inherit MuiLink-root MuiLink-underlineAlways css-1cep7cv-MuiTypography-root-MuiLink-root"
              >
                120
                 時間
              </a>
            </td>
            <td
              class="MuiTableCell-root MuiTableCell-body MuiTableCell-sizeSmall css-1n3yq5g-MuiTableCell-root"
            >
              <span>
                130
                 時間
              </span>
            </td>
            <td
              class="MuiTableCell-root MuiTableCell-body MuiTableCell-sizeSmall css-1n3yq5g-MuiTableCell-root"
            >
              <span
                class="MuiBox-root css-1bv7w9j"
              />
            </td>
          </tr>
          <tr
            class="MuiTableRow-root css-18gyjk9-MuiTableRow-root"
          >
            <td
              class="MuiTableCell-root MuiTableCell-body MuiTableCell-sizeSmall css-1n3yq5g-MuiTableCell-root"
            >
              <strong>
                12
                 月
              </strong>
            </td>
            <td
              class="MuiTableCell-root MuiTableCell-body MuiTableCell-sizeSmall css-1n3yq5g-MuiTableCell-root"
            >
              <a
                class="MuiTypography-root MuiTypography-inherit MuiLink-root MuiLink-underlineAlways css-1cep7cv-MuiTypography-root-MuiLink-root"
              >
                120
                 時間
              </a>
            </td>
            <td
              class="MuiTableCell-root MuiTableCell-body MuiTableCell-sizeSmall css-1n3yq5g-MuiTableCell-root"
            >
              <span>
                70
                 時間
              </span>
            </td>
            <td
              class="MuiTableCell-root MuiTableCell-body MuiTableCell-sizeSmall css-1n3yq5g-MuiTableCell-root"
            >
              <span
                class="MuiBox-root css-1bv7w9j"
              />
            </td>
          </tr>
        </tbody>
      </table>
    </div>
  </div>
</body>
`;

exports[`AchievementTable > 'Default' 2`] = `
<body>
  <div>
    <div
      class="MuiBox-root css-9hu0cu"
    >
      <table
        class="MuiTable-root css-1avgbhz-MuiTable-root"
      >
        <thead
          class="MuiTableHead-root css-15wwp11-MuiTableHead-root"
        >
          <tr
            class="MuiTableRow-root MuiTableRow-head css-18gyjk9-MuiTableRow-root"
          >
            <th
              class="MuiTableCell-root MuiTableCell-head MuiTableCell-sizeSmall css-j2zpdo-MuiTableCell-root"
              colspan="1"
              scope="col"
            />
            <th
              class="MuiTableCell-root MuiTableCell-head MuiTableCell-sizeSmall css-j2zpdo-MuiTableCell-root"
              colspan="1"
              scope="col"
            >
              <span>
                利用可能
              </span>
            </th>
            <th
              class="MuiTableCell-root MuiTableCell-head MuiTableCell-sizeSmall css-j2zpdo-MuiTableCell-root"
              colspan="1"
              scope="col"
            >
              <span>
                ボーダー
              </span>
            </th>
            <th
              class="MuiTableCell-root MuiTableCell-head MuiTableCell-sizeSmall css-j2zpdo-MuiTableCell-root"
              colspan="1"
              scope="col"
            >
              <span>
                実績
              </span>
            </th>
          </tr>
        </thead>
        <tbody
          class="MuiTableBody-root css-apqrd9-MuiTableBody-root"
        >
          <tr
            class="MuiTableRow-root css-18gyjk9-MuiTableRow-root"
          >
            <td
              class="MuiTableCell-root MuiTableCell-body MuiTableCell-sizeSmall css-1n3yq5g-MuiTableCell-root"
            >
              <strong>
                1
                 月
              </strong>
            </td>
            <td
              class="MuiTableCell-root MuiTableCell-body MuiTableCell-sizeSmall css-1n3yq5g-MuiTableCell-root"
            >
              <a
                class="MuiTypography-root MuiTypography-inherit MuiLink-root MuiLink-underlineAlways css-1cep7cv-MuiTypography-root-MuiLink-root"
              >
                120
                 時間
              </a>
            </td>
            <td
              class="MuiTableCell-root MuiTableCell-body MuiTableCell-sizeSmall css-1n3yq5g-MuiTableCell-root"
            >
              <span>
                80
                 時間
              </span>
            </td>
            <td
              class="MuiTableCell-root MuiTableCell-body MuiTableCell-sizeSmall css-1n3yq5g-MuiTableCell-root"
            >
              <span
                class="MuiBox-root css-1ayqwaf"
              >
                100 時間
              </span>
            </td>
          </tr>
          <tr
            class="MuiTableRow-root css-18gyjk9-MuiTableRow-root"
          >
            <td
              class="MuiTableCell-root MuiTableCell-body MuiTableCell-sizeSmall css-1n3yq5g-MuiTableCell-root"
            >
              <strong>
                2
                 月
              </strong>
            </td>
            <td
              class="MuiTableCell-root MuiTableCell-body MuiTableCell-sizeSmall css-1n3yq5g-MuiTableCell-root"
            >
              <a
                class="MuiTypography-root MuiTypography-inherit MuiLink-root MuiLink-underlineAlways css-1cep7cv-MuiTypography-root-MuiLink-root"
              >
                110
                 時間
              </a>
            </td>
            <td
              class="MuiTableCell-root MuiTableCell-body MuiTableCell-sizeSmall css-1n3yq5g-MuiTableCell-root"
            >
              <span>
                90
                 時間
              </span>
            </td>
            <td
              class="MuiTableCell-root MuiTableCell-body MuiTableCell-sizeSmall css-1n3yq5g-MuiTableCell-root"
            >
              <span
                class="MuiBox-root css-1ayqwaf"
              >
                90 時間
              </span>
            </td>
          </tr>
          <tr
            class="MuiTableRow-root css-18gyjk9-MuiTableRow-root"
          >
            <td
              class="MuiTableCell-root MuiTableCell-body MuiTableCell-sizeSmall css-1n3yq5g-MuiTableCell-root"
            >
              <strong>
                3
                 月
              </strong>
            </td>
            <td
              class="MuiTableCell-root MuiTableCell-body MuiTableCell-sizeSmall css-1n3yq5g-MuiTableCell-root"
            >
              <a
                class="MuiTypography-root MuiTypography-inherit MuiLink-root MuiLink-underlineAlways css-1cep7cv-MuiTypography-root-MuiLink-root"
              >
                120
                 時間
              </a>
            </td>
            <td
              class="MuiTableCell-root MuiTableCell-body MuiTableCell-sizeSmall css-1n3yq5g-MuiTableCell-root"
            >
              <span>
                70
                 時間
              </span>
            </td>
            <td
              class="MuiTableCell-root MuiTableCell-body MuiTableCell-sizeSmall css-1n3yq5g-MuiTableCell-root"
            >
              <span
                class="MuiBox-root css-1ayqwaf"
              >
                100 時間
              </span>
            </td>
          </tr>
          <tr
            class="MuiTableRow-root css-18gyjk9-MuiTableRow-root"
          >
            <td
              class="MuiTableCell-root MuiTableCell-body MuiTableCell-sizeSmall css-1n3yq5g-MuiTableCell-root"
            >
              <strong>
                4
                 月
              </strong>
            </td>
            <td
              class="MuiTableCell-root MuiTableCell-body MuiTableCell-sizeSmall css-1n3yq5g-MuiTableCell-root"
            >
              <a
                class="MuiTypography-root MuiTypography-inherit MuiLink-root MuiLink-underlineAlways css-1cep7cv-MuiTypography-root-MuiLink-root"
              >
                120
                 時間
              </a>
            </td>
            <td
              class="MuiTableCell-root MuiTableCell-body MuiTableCell-sizeSmall css-1n3yq5g-MuiTableCell-root"
            >
              <span>
                70
                 時間
              </span>
            </td>
            <td
              class="MuiTableCell-root MuiTableCell-body MuiTableCell-sizeSmall css-1n3yq5g-MuiTableCell-root"
            >
              <span
                class="MuiBox-root css-1bv7w9j"
              >
                60 時間
              </span>
            </td>
          </tr>
          <tr
            class="MuiTableRow-root css-18gyjk9-MuiTableRow-root"
          >
            <td
              class="MuiTableCell-root MuiTableCell-body MuiTableCell-sizeSmall css-1n3yq5g-MuiTableCell-root"
            >
              <strong>
                5
                 月
              </strong>
            </td>
            <td
              class="MuiTableCell-root MuiTableCell-body MuiTableCell-sizeSmall css-1n3yq5g-MuiTableCell-root"
            >
              <a
                class="MuiTypography-root MuiTypography-inherit MuiLink-root MuiLink-underlineAlways css-1cep7cv-MuiTypography-root-MuiLink-root"
              >
                120
                 時間
              </a>
            </td>
            <td
              class="MuiTableCell-root MuiTableCell-body MuiTableCell-sizeSmall css-1n3yq5g-MuiTableCell-root"
            >
              <span>
                70
                 時間
              </span>
            </td>
            <td
              class="MuiTableCell-root MuiTableCell-body MuiTableCell-sizeSmall css-1n3yq5g-MuiTableCell-root"
            >
              <span
                class="MuiBox-root css-1ayqwaf"
              >
                100 時間
              </span>
            </td>
          </tr>
          <tr
            class="MuiTableRow-root css-18gyjk9-MuiTableRow-root"
          >
            <td
              class="MuiTableCell-root MuiTableCell-body MuiTableCell-sizeSmall css-1n3yq5g-MuiTableCell-root"
            >
              <strong>
                6
                 月
              </strong>
            </td>
            <td
              class="MuiTableCell-root MuiTableCell-body MuiTableCell-sizeSmall css-1n3yq5g-MuiTableCell-root"
            >
              <a
                class="MuiTypography-root MuiTypography-inherit MuiLink-root MuiLink-underlineAlways css-1cep7cv-MuiTypography-root-MuiLink-root"
              >
                120
                 時間
              </a>
            </td>
            <td
              class="MuiTableCell-root MuiTableCell-body MuiTableCell-sizeSmall css-1n3yq5g-MuiTableCell-root"
            >
              <span>
                70
                 時間
              </span>
            </td>
            <td
              class="MuiTableCell-root MuiTableCell-body MuiTableCell-sizeSmall css-1n3yq5g-MuiTableCell-root"
            >
              <span
                class="MuiBox-root css-1ayqwaf"
              >
                100 時間
              </span>
            </td>
          </tr>
          <tr
            class="MuiTableRow-root css-18gyjk9-MuiTableRow-root"
          >
            <td
              class="MuiTableCell-root MuiTableCell-body MuiTableCell-sizeSmall css-1n3yq5g-MuiTableCell-root"
            >
              <strong>
                7
                 月
              </strong>
            </td>
            <td
              class="MuiTableCell-root MuiTableCell-body MuiTableCell-sizeSmall css-1n3yq5g-MuiTableCell-root"
            >
              <a
                class="MuiTypography-root MuiTypography-inherit MuiLink-root MuiLink-underlineAlways css-1cep7cv-MuiTypography-root-MuiLink-root"
              >
                120
                 時間
              </a>
            </td>
            <td
              class="MuiTableCell-root MuiTableCell-body MuiTableCell-sizeSmall css-1n3yq5g-MuiTableCell-root"
            >
              <span>
                70
                 時間
              </span>
            </td>
            <td
              class="MuiTableCell-root MuiTableCell-body MuiTableCell-sizeSmall css-1n3yq5g-MuiTableCell-root"
            >
              <span
                class="MuiBox-root css-1ayqwaf"
              >
                100 時間
              </span>
            </td>
          </tr>
          <tr
            class="MuiTableRow-root css-18gyjk9-MuiTableRow-root"
          >
            <td
              class="MuiTableCell-root MuiTableCell-body MuiTableCell-sizeSmall css-1n3yq5g-MuiTableCell-root"
            >
              <strong>
                8
                 月
              </strong>
            </td>
            <td
              class="MuiTableCell-root MuiTableCell-body MuiTableCell-sizeSmall css-1n3yq5g-MuiTableCell-root"
            >
              <a
                class="MuiTypography-root MuiTypography-inherit MuiLink-root MuiLink-underlineAlways css-1cep7cv-MuiTypography-root-MuiLink-root"
              >
                120
                 時間
              </a>
            </td>
            <td
              class="MuiTableCell-root MuiTableCell-body MuiTableCell-sizeSmall css-1n3yq5g-MuiTableCell-root"
            >
              <span>
                70
                 時間
              </span>
            </td>
            <td
              class="MuiTableCell-root MuiTableCell-body MuiTableCell-sizeSmall css-1n3yq5g-MuiTableCell-root"
            >
              <span
                class="MuiBox-root css-1bv7w9j"
              />
            </td>
          </tr>
          <tr
            class="MuiTableRow-root css-18gyjk9-MuiTableRow-root"
          >
            <td
              class="MuiTableCell-root MuiTableCell-body MuiTableCell-sizeSmall css-1n3yq5g-MuiTableCell-root"
            >
              <strong>
                9
                 月
              </strong>
            </td>
            <td
              class="MuiTableCell-root MuiTableCell-body MuiTableCell-sizeSmall css-1n3yq5g-MuiTableCell-root"
            >
              <a
                class="MuiTypography-root MuiTypography-inherit MuiLink-root MuiLink-underlineAlways css-1cep7cv-MuiTypography-root-MuiLink-root"
              >
                120
                 時間
              </a>
            </td>
            <td
              class="MuiTableCell-root MuiTableCell-body MuiTableCell-sizeSmall css-1n3yq5g-MuiTableCell-root"
            >
              <span>
                70
                 時間
              </span>
            </td>
            <td
              class="MuiTableCell-root MuiTableCell-body MuiTableCell-sizeSmall css-1n3yq5g-MuiTableCell-root"
            >
              <span
                class="MuiBox-root css-1bv7w9j"
              />
            </td>
          </tr>
          <tr
            class="MuiTableRow-root css-18gyjk9-MuiTableRow-root"
          >
            <td
              class="MuiTableCell-root MuiTableCell-body MuiTableCell-sizeSmall css-1n3yq5g-MuiTableCell-root"
            >
              <strong>
                10
                 月
              </strong>
            </td>
            <td
              class="MuiTableCell-root MuiTableCell-body MuiTableCell-sizeSmall css-1n3yq5g-MuiTableCell-root"
            >
              <a
                class="MuiTypography-root MuiTypography-inherit MuiLink-root MuiLink-underlineAlways css-1cep7cv-MuiTypography-root-MuiLink-root"
              >
                120
                 時間
              </a>
            </td>
            <td
              class="MuiTableCell-root MuiTableCell-body MuiTableCell-sizeSmall css-1n3yq5g-MuiTableCell-root"
            >
              <span>
                70
                 時間
              </span>
            </td>
            <td
              class="MuiTableCell-root MuiTableCell-body MuiTableCell-sizeSmall css-1n3yq5g-MuiTableCell-root"
            >
              <span
                class="MuiBox-root css-1bv7w9j"
              />
            </td>
          </tr>
          <tr
            class="MuiTableRow-root css-18gyjk9-MuiTableRow-root"
          >
            <td
              class="MuiTableCell-root MuiTableCell-body MuiTableCell-sizeSmall css-1n3yq5g-MuiTableCell-root"
            >
              <strong>
                11
                 月
              </strong>
            </td>
            <td
              class="MuiTableCell-root MuiTableCell-body MuiTableCell-sizeSmall css-1n3yq5g-MuiTableCell-root"
            >
              <a
                class="MuiTypography-root MuiTypography-inherit MuiLink-root MuiLink-underlineAlways css-1cep7cv-MuiTypography-root-MuiLink-root"
              >
                120
                 時間
              </a>
            </td>
            <td
              class="MuiTableCell-root MuiTableCell-body MuiTableCell-sizeSmall css-1n3yq5g-MuiTableCell-root"
            >
              <span>
                130
                 時間
              </span>
            </td>
            <td
              class="MuiTableCell-root MuiTableCell-body MuiTableCell-sizeSmall css-1n3yq5g-MuiTableCell-root"
            >
              <span
                class="MuiBox-root css-1bv7w9j"
              />
            </td>
          </tr>
          <tr
            class="MuiTableRow-root css-18gyjk9-MuiTableRow-root"
          >
            <td
              class="MuiTableCell-root MuiTableCell-body MuiTableCell-sizeSmall css-1n3yq5g-MuiTableCell-root"
            >
              <strong>
                12
                 月
              </strong>
            </td>
            <td
              class="MuiTableCell-root MuiTableCell-body MuiTableCell-sizeSmall css-1n3yq5g-MuiTableCell-root"
            >
              <a
                class="MuiTypography-root MuiTypography-inherit MuiLink-root MuiLink-underlineAlways css-1cep7cv-MuiTypography-root-MuiLink-root"
              >
                120
                 時間
              </a>
            </td>
            <td
              class="MuiTableCell-root MuiTableCell-body MuiTableCell-sizeSmall css-1n3yq5g-MuiTableCell-root"
            >
              <span>
                70
                 時間
              </span>
            </td>
            <td
              class="MuiTableCell-root MuiTableCell-body MuiTableCell-sizeSmall css-1n3yq5g-MuiTableCell-root"
            >
              <span
                class="MuiBox-root css-1bv7w9j"
              />
            </td>
          </tr>
        </tbody>
      </table>
    </div>
  </div>
</body>
`;
