// Jest Snapshot v1, https://goo.gl/fbAQLP

exports[`Components/Elements/ElPaper > Default 1`] = `
<div
  className="MuiPaper-root MuiPaper-elevation MuiPaper-rounded MuiPaper-elevation1 css-1ps6pg7-MuiPaper-root"
>
  Element Paper
</div>
`;
