// Vitest Snapshot v1, https://vitest.dev/guide/snapshot.html

exports[`ContextMenu > 'Default' 1`] = `
<body
  style="padding-right: 1024px; overflow: hidden;"
>
  <div
    aria-hidden="true"
  />
  <div
    class="MuiPopover-root MuiMenu-root MuiModal-root css-14qslnf-MuiModal-root-MuiPopover-root-MuiMenu-root"
    role="presentation"
  >
    <div
      aria-hidden="true"
      class="MuiBackdrop-root MuiBackdrop-invisible css-g3hgs1-MuiBackdrop-root-MuiModal-backdrop"
      style="opacity: 1; webkit-transition: opacity 225ms cubic-bezier(0.4, 0, 0.2, 1) 0ms; transition: opacity 225ms cubic-bezier(0.4, 0, 0.2, 1) 0ms;"
    />
    <div
      data-testid="sentinelStart"
      tabindex="0"
    />
    <div
      class="MuiPaper-root MuiPaper-elevation MuiPaper-rounded MuiPaper-elevation1 MuiPaper-root MuiMenu-paper MuiPaper-elevation MuiPaper-rounded MuiPaper-elevation8 MuiPopover-paper css-mqe1e4-MuiPaper-root-MuiMenu-paper-MuiPaper-root-MuiPopover-paper"
      style="opacity: 1; transform: none; transition: opacity 0ms cubic-bezier(0.4, 0, 0.2, 1) 0ms,transform 0ms cubic-bezier(0.4, 0, 0.2, 1) 0ms; top: 32px; left: 32px; transform-origin: 0px 0px;"
      tabindex="-1"
    >
      <ul
        class="MuiList-root MuiList-padding MuiMenu-list css-6hp17o-MuiList-root-MuiMenu-list"
        role="menu"
        tabindex="-1"
      >
        <li
          class="MuiButtonBase-root MuiMenuItem-root MuiMenuItem-gutters Mui-focusVisible MuiMenuItem-root MuiMenuItem-gutters css-1kx0muj-MuiButtonBase-root-MuiMenuItem-root"
          role="menuitem"
          tabindex="0"
        >
          <div
            class="MuiListItemIcon-root css-cveggr-MuiListItemIcon-root"
          >
            <svg
              aria-hidden="true"
              class="MuiSvgIcon-root MuiSvgIcon-colorError MuiSvgIcon-fontSizeMedium css-145q7lf-MuiSvgIcon-root"
              data-testid="DeleteForeverIcon"
              focusable="false"
              viewBox="0 0 24 24"
            >
              <path
                d="M6 19c0 1.1.9 2 2 2h8c1.1 0 2-.9 2-2V7H6v12zm2.46-7.12 1.41-1.41L12 12.59l2.12-2.12 1.41 1.41L13.41 14l2.12 2.12-1.41 1.41L12 15.41l-2.12 2.12-1.41-1.41L10.59 14l-2.13-2.12zM15.5 4l-1-1h-5l-1 1H5v2h14V4z"
              />
            </svg>
          </div>
          <div
            class="MuiListItemText-root css-tlelie-MuiListItemText-root"
          >
            <span
              class="MuiTypography-root MuiTypography-body1 MuiListItemText-primary css-10hburv-MuiTypography-root"
            >
              削除する
            </span>
          </div>
          <span
            class="MuiTouchRipple-root css-8je8zh-MuiTouchRipple-root"
          />
        </li>
      </ul>
    </div>
    <div
      data-testid="sentinelEnd"
      tabindex="0"
    />
  </div>
</body>
`;

exports[`ContextMenu > 'Default' 2`] = `
<body
  style="padding-right: 1024px; overflow: hidden;"
>
  <div
    aria-hidden="true"
  />
  <div
    class="MuiPopover-root MuiMenu-root MuiModal-root css-14qslnf-MuiModal-root-MuiPopover-root-MuiMenu-root"
    role="presentation"
  >
    <div
      aria-hidden="true"
      class="MuiBackdrop-root MuiBackdrop-invisible css-g3hgs1-MuiBackdrop-root-MuiModal-backdrop"
      style="opacity: 1; webkit-transition: opacity 225ms cubic-bezier(0.4, 0, 0.2, 1) 0ms; transition: opacity 225ms cubic-bezier(0.4, 0, 0.2, 1) 0ms;"
    />
    <div
      data-testid="sentinelStart"
      tabindex="0"
    />
    <div
      class="MuiPaper-root MuiPaper-elevation MuiPaper-rounded MuiPaper-elevation1 MuiPaper-root MuiMenu-paper MuiPaper-elevation MuiPaper-rounded MuiPaper-elevation8 MuiPopover-paper css-mqe1e4-MuiPaper-root-MuiMenu-paper-MuiPaper-root-MuiPopover-paper"
      style="opacity: 1; transform: none; transition: opacity 0ms cubic-bezier(0.4, 0, 0.2, 1) 0ms,transform 0ms cubic-bezier(0.4, 0, 0.2, 1) 0ms; top: 32px; left: 32px; transform-origin: 0px 0px;"
      tabindex="-1"
    >
      <ul
        class="MuiList-root MuiList-padding MuiMenu-list css-6hp17o-MuiList-root-MuiMenu-list"
        role="menu"
        tabindex="-1"
      >
        <li
          class="MuiButtonBase-root MuiMenuItem-root MuiMenuItem-gutters Mui-focusVisible MuiMenuItem-root MuiMenuItem-gutters css-1kx0muj-MuiButtonBase-root-MuiMenuItem-root"
          role="menuitem"
          tabindex="0"
        >
          <div
            class="MuiListItemIcon-root css-cveggr-MuiListItemIcon-root"
          >
            <svg
              aria-hidden="true"
              class="MuiSvgIcon-root MuiSvgIcon-colorError MuiSvgIcon-fontSizeMedium css-145q7lf-MuiSvgIcon-root"
              data-testid="DeleteForeverIcon"
              focusable="false"
              viewBox="0 0 24 24"
            >
              <path
                d="M6 19c0 1.1.9 2 2 2h8c1.1 0 2-.9 2-2V7H6v12zm2.46-7.12 1.41-1.41L12 12.59l2.12-2.12 1.41 1.41L13.41 14l2.12 2.12-1.41 1.41L12 15.41l-2.12 2.12-1.41-1.41L10.59 14l-2.13-2.12zM15.5 4l-1-1h-5l-1 1H5v2h14V4z"
              />
            </svg>
          </div>
          <div
            class="MuiListItemText-root css-tlelie-MuiListItemText-root"
          >
            <span
              class="MuiTypography-root MuiTypography-body1 MuiListItemText-primary css-10hburv-MuiTypography-root"
            >
              削除する
            </span>
          </div>
          <span
            class="MuiTouchRipple-root css-8je8zh-MuiTouchRipple-root"
          />
        </li>
      </ul>
    </div>
    <div
      data-testid="sentinelEnd"
      tabindex="0"
    />
  </div>
</body>
`;
